C51 COMPILER V8.02   JOSEF_KORINEK_FCE_TAB                                                 11/11/2021 15:15:38 PAGE 1   


C51 COMPILER V8.02, COMPILATION OF MODULE JOSEF_KORINEK_FCE_TAB
OBJECT MODULE PLACED IN Josef_Korinek_Fce_tab.OBJ
COMPILER INVOKED BY: C:\Program Files\Keil\C51\BIN\C51.EXE Josef_Korinek_Fce_tab.c BROWSE DEBUG OBJECTEXTEND

line level    source

   1          #include <stdio.h>
   2          #include <aduc812.h>
   3          code unsigned char outputTruthTable[]={0, 0, 1, 1, 0, 0, 1, 1, 0, 0, 0, 1, 1, 1, 0, 1};
   4          main()
   5          {
   6   1      unsigned char input,filteredInput;
   7   1      iteration: input=P2>>2;
   8   1      filteredInput= 0x0F & input;
   9   1      if (outputTruthTable[filteredInput]==1) P2 |= 0x80 ; 
  10   1          else P2 &= 0x7F;
  11   1      
  12   1      goto iteration;
  13   1      }


MODULE INFORMATION:   STATIC OVERLAYABLE
   CODE SIZE        =     26    ----
   CONSTANT SIZE    =     16    ----
   XDATA SIZE       =   ----    ----
   PDATA SIZE       =   ----    ----
   DATA SIZE        =   ----    ----
   IDATA SIZE       =   ----    ----
   BIT SIZE         =   ----    ----
END OF MODULE INFORMATION.


C51 COMPILATION COMPLETE.  0 WARNING(S),  0 ERROR(S)
