C51 COMPILER V8.02   JOSEF_KORINEK_FCE_BITY                                                11/11/2021 15:05:10 PAGE 1   


C51 COMPILER V8.02, COMPILATION OF MODULE JOSEF_KORINEK_FCE_BITY
OBJECT MODULE PLACED IN Josef_Korinek_Fce_bity.OBJ
COMPILER INVOKED BY: C:\Program Files\Keil\C51\BIN\C51.EXE Josef_Korinek_Fce_bity.c BROWSE DEBUG OBJECTEXTEND

line level    source

   1          #include <stdio.h>
   2          #include <ADUC812.H>
   3          //realizace logicke fce
   4          sbit iA = P2^5;
   5          sbit iB = P2^4;
   6          sbit iC = P2^3;
   7          sbit iD = P2^2;
   8          sbit oF = P2^7;
   9          
  10          unsigned char helpChar, firstAnd, secondAnd, thirdAnd;
  11          void main ()
  12          {iteration:     helpChar=P2;
  13   1                  firstAnd= helpChar&(helpChar>>1);//b2
  14   1                  secondAnd= firstAnd&(~helpChar<<1);//b4
  15   1                  thirdAnd= helpChar&(~helpChar>>2);//b3
  16   1                  helpChar= firstAnd<<1|secondAnd>>1|thirdAnd;
  17   1      
  18   1              if ((helpChar&0x08)==0) oF=0; else oF=1;
  19   1          goto iteration;
  20   1      }


MODULE INFORMATION:   STATIC OVERLAYABLE
   CODE SIZE        =     55    ----
   CONSTANT SIZE    =   ----    ----
   XDATA SIZE       =   ----    ----
   PDATA SIZE       =   ----    ----
   DATA SIZE        =      4    ----
   IDATA SIZE       =   ----    ----
   BIT SIZE         =   ----    ----
END OF MODULE INFORMATION.


C51 COMPILATION COMPLETE.  0 WARNING(S),  0 ERROR(S)
